// Jest Snapshot v1, https://goo.gl/fbAQLP

exports[`DisplayField should match snapshot 1`] = `undefined`;
