// Jest Snapshot v1, https://goo.gl/fbAQLP

exports[`App should match snapshot 1`] = `
<div
  className="App"
>
  <Route
    component={
      Object {
        "$$typeof": Symbol(react.memo),
        "WrappedComponent": [Function],
        "compare": null,
        "displayName": "Connect(DisplayField)",
        "type": [Function],
      }
    }
    exact={true}
    path="/"
  />
  <Route
    component={
      Object {
        "$$typeof": Symbol(react.memo),
        "WrappedComponent": [Function],
        "compare": null,
        "displayName": "Connect(DisplayField)",
        "type": [Function],
      }
    }
    exact={true}
    path="/new-note"
  />
  <Route
    component={[Function]}
    path="/"
  />
  <Route
    component={
      Object {
        "$$typeof": Symbol(react.memo),
        "WrappedComponent": [Function],
        "compare": null,
        "displayName": "Connect(Form)",
        "type": [Function],
      }
    }
    exact={true}
    path="/new-note"
  />
  <Route
    exact={true}
    path="/notes/:id"
    render={[Function]}
  />
  <Route
    component={
      Object {
        "$$typeof": Symbol(react.memo),
        "WrappedComponent": [Function],
        "compare": null,
        "displayName": "Connect(CardDetails)",
        "type": [Function],
      }
    }
    exact={true}
    path="/notes/id"
  />
  <div
    className="BG"
  />
</div>
`;
